Γû▓ Next.js 16.1.6 (Turbopack)
- Environments: .env

node.exe : ΓÜá The 
"middleware" file 
convention is deprecated. 
Please use "proxy" 
instead. Learn more: https
://nextjs.org/docs/message
s/middleware-to-proxy
At line:1 char:1
+ & "C:\Program 
Files\nodejs/node.exe" 
"C:\Program 
Files\nodejs/node_mo ...
+ ~~~~~~~~~~~~~~~~~~~~~~~~
~~~~~~~~~~~~~~~~~~~~~~~~~~
~~~~~~~~~~~~~~~~~~~
    + CategoryInfo        
      : NotSpecified: (Γ  
  Üá The "middle...lewa   
 re-to-proxy:String) [    
], RemoteException
    + FullyQualifiedError 
   Id : NativeCommandErr  
  or
 
  Creating an optimized production build ...
Γ£ô Compiled successfully in 4.7s
  Running TypeScript ...
Failed to compile.

.next/dev/types/validator.
ts:459:31
Type error: Type 'typeof i
mport("C:/Users/LENOVO/Des
ktop/Darshan/SEM-6/AWT/pro
ject/spms/app/api/notifica
tions/[id]/route")' does 
not satisfy the 
constraint 'RouteHandlerCo
nfig<"/api/notifications/[
id]">'.
  Types of property 
'PATCH' are incompatible.
    Type '(request: 
NextRequest, { params }: 
{ params: { id: string; 
}; }) => 
Promise<NextResponse<{ 
error: string; }> | 
NextResponse<{ id: 
number; created_at: Date; 
title: string; user_id: 
number; ... 4 more ...; 
is_read: boolean; }>>' is 
not assignable to type 
'(request: NextRequest, 
context: { params: 
Promise<{ id: string; }>; 
}) => void | Response | 
Promise<void | Response>'.
      Types of parameters 
'__1' and 'context' are 
incompatible.
        Type '{ params: 
Promise<{ id: string; }>; 
}' is not assignable to 
type '{ params: { id: 
string; }; }'.
          Types of 
property 'params' are 
incompatible.
            Property 'id' 
is missing in type 
'Promise<{ id: string; 
}>' but required in type 
'{ id: string; }'.

[0m [90m 457 |[39m   
type __IsExpected[33m<[3
9m[33mSpecific[39m 
[36mextends[39m [33mRou
teHandlerConfig[39m[33m<
[39m[32m"/api/notificati
ons/[id]"[39m[33m>>[39m
 [33m=[39m 
[33mSpecific[39m
 [90m 458 |[39m   
[36mconst[39m handler 
[33m=[39m {} 
[36mas[39m 
[36mtypeof[39m [36mimpo
rt[39m([32m"../../../app
/api/notifications/[id]/ro
ute.js"[39m)
[31m[1m>[22m[39m[90m 
459 |[39m   type __Check 
[33m=[39m __IsExpected[
33m<[39m[36mtypeof[39m 
handler[33m>[39m
 [90m     |[39m         
                      
[31m[1m^[22m[39m
 [90m 460 |[39m   
[90m// @ts-ignore[39m
 [90m 461 |[39m   type 
__Unused [33m=[39m 
__Check
 [90m 462 |[39m }[0m
Next.js build worker 
exited with code: 1 and 
signal: null
