.next/dev/types/validator.ts(324,31): error TS2344: Type 'typeof import("C:/Users/LENOVO/Desktop/Darshan/SEM-6/AWT/project/spms/app/api/admin/projects/[id]/route")' does not satisfy the constraint 'RouteHandlerConfig<"/api/admin/projects/[id]">'.
  Types of property 'PUT' are incompatible.
    Type '(request: Request, { params }: { params: { id: string; }; }) => Promise<NextResponse<{ error: string; }> | NextResponse<{ name: string; id: number; created_at: Date | null; updated_at: Date | null; ... 8 more ...; status: group_status | null; }>>' is not assignable to type '(request: NextRequest, context: { params: Promise<{ id: string; }>; }) => void | Response | Promise<void | Response>'.
      Types of parameters '__1' and 'context' are incompatible.
        Type '{ params: Promise<{ id: string; }>; }' is not assignable to type '{ params: { id: string; }; }'.
          Types of property 'params' are incompatible.
            Property 'id' is missing in type 'Promise<{ id: string; }>' but required in type '{ id: string; }'.
.next/types/validator.ts(324,31): error TS2344: Type 'typeof import("C:/Users/LENOVO/Desktop/Darshan/SEM-6/AWT/project/spms/app/api/admin/projects/[id]/route")' does not satisfy the constraint 'RouteHandlerConfig<"/api/admin/projects/[id]">'.
  Types of property 'PUT' are incompatible.
    Type '(request: Request, { params }: { params: { id: string; }; }) => Promise<NextResponse<{ error: string; }> | NextResponse<{ name: string; id: number; created_at: Date | null; updated_at: Date | null; ... 8 more ...; status: group_status | null; }>>' is not assignable to type '(request: NextRequest, context: { params: Promise<{ id: string; }>; }) => void | Response | Promise<void | Response>'.
      Types of parameters '__1' and 'context' are incompatible.
        Type '{ params: Promise<{ id: string; }>; }' is not assignable to type '{ params: { id: string; }; }'.
          Types of property 'params' are incompatible.
            Property 'id' is missing in type 'Promise<{ id: string; }>' but required in type '{ id: string; }'.
